2026-09-06 16:36:20 +0000 [MT] Initial pipeline context: <IDEDistributionProcessingPipelineContext: 0x7a9f36b900; archive(resolved)="<IDEArchive: 0x7aa20ece70>", distributionTask(resolved)="2", distributionDestination(resolved)="1", distributionMethod(resolved)="<IDEDistributionMethodDeveloperID: 0x7aa2249a00>", team(resolved)="<IDEProvisioningBasicTeam: 0x7a9f3b8400; teamID='8PW5FWH7P2', teamName='(null)'>">
	Chain (12, self inclusive):
	<IDEDistributionProcessingPipelineContext: 0x7a9f36b900; archive = "<IDEArchive: 0x7aa20ece70>", distributionMethod="<IDEDistributionMethodDeveloperID: 0x7aa2249a00>", team="<IDEProvisioningBasicTeam: 0x7a9f3b8400; teamID='8PW5FWH7P2', teamName='(null)'>">
	<IDEDistributionProcessingPipelineContext: 0x7a9f36bc00; archive = "<IDEArchive: 0x7aa20ece70>", distributionMethod="<IDEDistributionMethodDeveloperID: 0x7aa2249a00>", team="<IDEProvisioningBasicTeam: 0x7a9f3b8400; teamID='8PW5FWH7P2', teamName='(null)'>">
	<IDEDistributionContext: 0x7a9f282300; archive = "<IDEArchive: 0x7aa20ece70>", distributionMethod="<IDEDistributionMethodDeveloperID: 0x7aa2249a00>", team="<IDEProvisioningBasicTeam: 0x7a9f3b8400; teamID='8PW5FWH7P2', teamName='(null)'>">
	<IDEDistributionContext: 0x7a9f281e00; archive = "<IDEArchive: 0x7aa20ece70>", distributionMethod="<IDEDistributionMethodDeveloperID: 0x7aa2249a00>", team="<IDEProvisioningBasicTeam: 0x7a9f3b8400; teamID='8PW5FWH7P2', teamName='(null)'>">
	<IDEDistributionContext: 0x7a9f281b80; archive = "<IDEArchive: 0x7aa20ece70>", distributionMethod="<IDEDistributionMethodDeveloperID: 0x7aa2249a00>", team="<IDEProvisioningBasicTeam: 0x7a9f3b8400; teamID='8PW5FWH7P2', teamName='(null)'>">
	<IDEDistributionContext: 0x7a9f281900; archive = "<IDEArchive: 0x7aa20ece70>", distributionMethod="<IDEDistributionMethodDeveloperID: 0x7aa2249a00>", team="<IDEProvisioningBasicTeam: 0x7a9f3b8400; teamID='8PW5FWH7P2', teamName='(null)'>">
	<IDEDistributionContext: 0x7a9f281400; archive = "<IDEArchive: 0x7aa20ece70>", distributionMethod="<IDEDistributionMethodDeveloperID: 0x7aa2249a00>", team="<IDEProvisioningBasicTeam: 0x7a9f3b8400; teamID='8PW5FWH7P2', teamName='(null)'>">
	<IDEDistributionContext: 0x7a9f281180; archive = "<IDEArchive: 0x7aa20ece70>", distributionMethod="<IDEDistributionMethodDeveloperID: 0x7aa2249a00>", team="<IDEProvisioningBasicTeam: 0x7a9f3b8400; teamID='8PW5FWH7P2', teamName='(null)'>">
	<IDEDistributionContext: 0x7a9f280f00; archive = "<IDEArchive: 0x7aa20ece70>", distributionMethod="<IDEDistributionMethodDeveloperID: 0x7aa2249a00>", team="<IDEProvisioningBasicTeam: 0x7a9f3b8400; teamID='8PW5FWH7P2', teamName='(null)'>">
	<IDEDistributionContext: 0x7a9f280c80; archive = "<IDEArchive: 0x7aa20ece70>", distributionMethod="<IDEDistributionMethodDeveloperID: 0x7aa2249a00>", team="(null)">
	<IDEDistributionContext: 0x7a9f280000; archive = "<IDEArchive: 0x7aa20ece70>", distributionMethod="<IDEDistributionMethodDeveloperID: 0x7aa2249a00>", team="(null)">
	<IDEDistributionContext: 0x1054efd30; archive = "<IDEArchive: 0x7aa20ece70>", distributionMethod="(null)", team="(null)">
</IDEDistributionProcessingPipelineContext: 0x7a9f36b900>
2026-09-06 16:36:20 +0000 [MT] Processing step: IDEDistributionCreateDestRootStep
2026-09-06 16:36:20 +0000 [MT] Processing step: IDEDistributionCopyItemStep
2026-09-06 16:36:20 +0000 [MT] Running /usr/bin/ditto '-V' '/Users/vasek/Git/QuotaVadis/dist/QuotaVadis.xcarchive/Products/Applications/QuotaVadis.app' '/var/folders/n_/kkfmm01934xbwb28csq8jz0m0000gn/T/XcodeDistPipeline.~~~d9zMCn/Root/Applications/QuotaVadis.app'
2026-09-06 16:36:20 +0000  >>> Copying /Users/vasek/Git/QuotaVadis/dist/QuotaVadis.xcarchive/Products/Applications/QuotaVadis.app 
2026-09-06 16:36:20 +0000  copying file ./Contents/_CodeSignature/CodeResources ... 
2026-09-06 16:36:20 +0000  hardlinked ./Contents/_CodeSignature/CodeResources
2026-09-06 16:36:20 +0000  copying file ./Contents/MacOS/QuotaVadis ... 
2026-09-06 16:36:20 +0000  hardlinked ./Contents/MacOS/QuotaVadis
2026-09-06 16:36:20 +0000  copying file ./Contents/PlugIns/QuotaWidgets-Mac.appex/Contents/_CodeSignature/CodeResources ... 
2026-09-06 16:36:20 +0000  hardlinked ./Contents/PlugIns/QuotaWidgets-Mac.appex/Contents/_CodeSignature/CodeResources
2026-09-06 16:36:20 +0000  copying file ./Contents/PlugIns/QuotaWidgets-Mac.appex/Contents/MacOS/QuotaWidgets-Mac ... 
2026-09-06 16:36:20 +0000  hardlinked ./Contents/PlugIns/QuotaWidgets-Mac.appex/Contents/MacOS/QuotaWidgets-Mac
2026-09-06 16:36:20 +0000  copying file ./Contents/PlugIns/QuotaWidgets-Mac.appex/Contents/Resources/Metadata.appintents/version.json ... 
2026-09-06 16:36:20 +0000  hardlinked ./Contents/PlugIns/QuotaWidgets-Mac.appex/Contents/Resources/Metadata.appintents/version.json
2026-09-06 16:36:20 +0000  copying file ./Contents/PlugIns/QuotaWidgets-Mac.appex/Contents/Resources/Metadata.appintents/extract.actionsdata ... 
2026-09-06 16:36:20 +0000  hardlinked ./Contents/PlugIns/QuotaWidgets-Mac.appex/Contents/Resources/Metadata.appintents/extract.actionsdata
2026-09-06 16:36:20 +0000  copying file ./Contents/PlugIns/QuotaWidgets-Mac.appex/Contents/embedded.provisionprofile ... 
2026-09-06 16:36:20 +0000  hardlinked ./Contents/PlugIns/QuotaWidgets-Mac.appex/Contents/embedded.provisionprofile
2026-09-06 16:36:20 +0000  copying file ./Contents/PlugIns/QuotaWidgets-Mac.appex/Contents/Info.plist ... 
2026-09-06 16:36:20 +0000  hardlinked ./Contents/PlugIns/QuotaWidgets-Mac.appex/Contents/Info.plist
2026-09-06 16:36:20 +0000  copying file ./Contents/Resources/AppIcon.icns ... 
2026-09-06 16:36:20 +0000  hardlinked ./Contents/Resources/AppIcon.icns
2026-09-06 16:36:20 +0000  copying file ./Contents/Resources/Assets.car ... 
2026-09-06 16:36:20 +0000  hardlinked ./Contents/Resources/Assets.car
2026-09-06 16:36:20 +0000  copying file ./Contents/embedded.provisionprofile ... 
2026-09-06 16:36:20 +0000  hardlinked ./Contents/embedded.provisionprofile
2026-09-06 16:36:20 +0000  copying symlink ./Contents/Frameworks/Sparkle.framework/Resources ... 
2026-09-06 16:36:20 +0000  linked ./Contents/Frameworks/Sparkle.framework/Resources
2026-09-06 16:36:20 +0000  copying symlink ./Contents/Frameworks/Sparkle.framework/Versions/Current ... 
2026-09-06 16:36:20 +0000  linked ./Contents/Frameworks/Sparkle.framework/Versions/Current
2026-09-06 16:36:20 +0000  copying file ./Contents/Frameworks/Sparkle.framework/Versions/B/_CodeSignature/CodeResources ... 
2026-09-06 16:36:20 +0000  hardlinked ./Contents/Frameworks/Sparkle.framework/Versions/B/_CodeSignature/CodeResources
2026-09-06 16:36:20 +0000  copying file ./Contents/Frameworks/Sparkle.framework/Versions/B/Resources/de.lproj/Sparkle.strings ... 
2026-09-06 16:36:20 +0000  hardlinked ./Contents/Frameworks/Sparkle.framework/Versions/B/Resources/de.lproj/Sparkle.strings
2026-09-06 16:36:20 +0000  copying file ./Contents/Frameworks/Sparkle.framework/Versions/B/Resources/he.lproj/Sparkle.strings ... 
2026-09-06 16:36:20 +0000  hardlinked ./Contents/Frameworks/Sparkle.framework/Versions/B/Resources/he.lproj/Sparkle.strings
2026-09-06 16:36:20 +0000  copying file ./Contents/Frameworks/Sparkle.framework/Versions/B/Resources/ar.lproj/Sparkle.strings ... 
2026-09-06 16:36:20 +0000  hardlinked ./Contents/Frameworks/Sparkle.framework/Versions/B/Resources/ar.lproj/Sparkle.strings
2026-09-06 16:36:20 +0000  copying file ./Contents/Frameworks/Sparkle.framework/Versions/B/Resources/el.lproj/Sparkle.strings ... 
2026-09-06 16:36:20 +0000  hardlinked ./Contents/Frameworks/Sparkle.framework/Versions/B/Resources/el.lproj/Sparkle.strings
2026-09-06 16:36:20 +0000  copying file ./Contents/Frameworks/Sparkle.framework/Versions/B/Resources/ja.lproj/Sparkle.strings ... 
2026-09-06 16:36:20 +0000  hardlinked ./Contents/Frameworks/Sparkle.framework/Versions/B/Resources/ja.lproj/Sparkle.strings
2026-09-06 16:36:20 +0000  copying file ./Contents/Frameworks/Sparkle.framework/Versions/B/Resources/fa.lproj/Sparkle.strings ... 
2026-09-06 16:36:20 +0000  hardlinked ./Contents/Frameworks/Sparkle.framework/Versions/B/Resources/fa.lproj/Sparkle.strings
2026-09-06 16:36:20 +0000  copying file ./Contents/Frameworks/Sparkle.framework/Versions/B/Resources/uk.lproj/Sparkle.strings ... 
2026-09-06 16:36:20 +0000  hardlinked ./Contents/Frameworks/Sparkle.framework/Versions/B/Resources/uk.lproj/Sparkle.strings
2026-09-06 16:36:20 +0000  copying file ./Contents/Frameworks/Sparkle.framework/Versions/B/Resources/zh_CN.lproj/Sparkle.strings ... 
2026-09-06 16:36:20 +0000  hardlinked ./Contents/Frameworks/Sparkle.framework/Versions/B/Resources/zh_CN.lproj/Sparkle.strings
2026-09-06 16:36:20 +0000  copying file ./Contents/Frameworks/Sparkle.framework/Versions/B/Resources/nb.lproj/Sparkle.strings ... 
2026-09-06 16:36:20 +0000  hardlinked ./Contents/Frameworks/Sparkle.framework/Versions/B/Resources/nb.lproj/Sparkle.strings
2026-09-06 16:36:20 +0000  copying file ./Contents/Frameworks/Sparkle.framework/Versions/B/Resources/es.lproj/Sparkle.strings ... 
2026-09-06 16:36:20 +0000  hardlinked ./Contents/Frameworks/Sparkle.framework/Versions/B/Resources/es.lproj/Sparkle.strings
2026-09-06 16:36:20 +0000  copying file ./Contents/Frameworks/Sparkle.framework/Versions/B/Resources/is.lproj/Sparkle.strings ... 
2026-09-06 16:36:20 +0000  hardlinked ./Contents/Frameworks/Sparkle.framework/Versions/B/Resources/is.lproj/Sparkle.strings
2026-09-06 16:36:20 +0000  copying file ./Contents/Frameworks/Sparkle.framework/Versions/B/Resources/sl.lproj/Sparkle.strings ... 
2026-09-06 16:36:20 +0000  hardlinked ./Contents/Frameworks/Sparkle.framework/Versions/B/Resources/sl.lproj/Sparkle.strings
2026-09-06 16:36:20 +0000  copying file ./Contents/Frameworks/Sparkle.framework/Versions/B/Resources/da.lproj/Sparkle.strings ... 
2026-09-06 16:36:20 +0000  hardlinked ./Contents/Frameworks/Sparkle.framework/Versions/B/Resources/da.lproj/Sparkle.strings
2026-09-06 16:36:20 +0000  copying file ./Contents/Frameworks/Sparkle.framework/Versions/B/Resources/it.lproj/Sparkle.strings ... 
2026-09-06 16:36:20 +0000  hardlinked ./Contents/Frameworks/Sparkle.framework/Versions/B/Resources/it.lproj/Sparkle.strings
2026-09-06 16:36:20 +0000  copying file ./Contents/Frameworks/Sparkle.framework/Versions/B/Resources/sk.lproj/Sparkle.strings ... 
2026-09-06 16:36:20 +0000  hardlinked ./Contents/Frameworks/Sparkle.framework/Versions/B/Resources/sk.lproj/Sparkle.strings
2026-09-06 16:36:20 +0000  copying file ./Contents/Frameworks/Sparkle.framework/Versions/B/Resources/sv.lproj/Sparkle.strings ... 
2026-09-06 16:36:20 +0000  hardlinked ./Contents/Frameworks/Sparkle.framework/Versions/B/Resources/sv.lproj/Sparkle.strings
2026-09-06 16:36:20 +0000  copying file ./Contents/Frameworks/Sparkle.framework/Versions/B/Resources/ReleaseNotesColorStyle.css ... 
2026-09-06 16:36:20 +0000  hardlinked ./Contents/Frameworks/Sparkle.framework/Versions/B/Resources/ReleaseNotesColorStyle.css
2026-09-06 16:36:20 +0000  copying file ./Contents/Frameworks/Sparkle.framework/Versions/B/Resources/cs.lproj/Sparkle.strings ... 
2026-09-06 16:36:20 +0000  hardlinked ./Contents/Frameworks/Sparkle.framework/Versions/B/Resources/cs.lproj/Sparkle.strings
2026-09-06 16:36:20 +0000  copying file ./Contents/Frameworks/Sparkle.framework/Versions/B/Resources/ko.lproj/Sparkle.strings ... 
2026-09-06 16:36:20 +0000  hardlinked ./Contents/Frameworks/Sparkle.framework/Versions/B/Resources/ko.lproj/Sparkle.strings
2026-09-06 16:36:20 +0000  copying file ./Contents/Frameworks/Sparkle.framework/Versions/B/Resources/Base.lproj/Sparkle.strings ... 
2026-09-06 16:36:20 +0000  hardlinked ./Contents/Frameworks/Sparkle.framework/Versions/B/Resources/Base.lproj/Sparkle.strings
2026-09-06 16:36:20 +0000  copying file ./Contents/Frameworks/Sparkle.framework/Versions/B/Resources/hu.lproj/Sparkle.strings ... 
2026-09-06 16:36:20 +0000  hardlinked ./Contents/Frameworks/Sparkle.framework/Versions/B/Resources/hu.lproj/Sparkle.strings
2026-09-06 16:36:20 +0000  copying file ./Contents/Frameworks/Sparkle.framework/Versions/B/Resources/zh_HK.lproj/Sparkle.strings ... 
2026-09-06 16:36:20 +0000  hardlinked ./Contents/Frameworks/Sparkle.framework/Versions/B/Resources/zh_HK.lproj/Sparkle.strings
2026-09-06 16:36:20 +0000  copying file ./Contents/Frameworks/Sparkle.framework/Versions/B/Resources/tr.lproj/Sparkle.strings ... 
2026-09-06 16:36:20 +0000  hardlinked ./Contents/Frameworks/Sparkle.framework/Versions/B/Resources/tr.lproj/Sparkle.strings
2026-09-06 16:36:20 +0000  copying file ./Contents/Frameworks/Sparkle.framework/Versions/B/Resources/pl.lproj/Sparkle.strings ... 
2026-09-06 16:36:20 +0000  hardlinked ./Contents/Frameworks/Sparkle.framework/Versions/B/Resources/pl.lproj/Sparkle.strings
2026-09-06 16:36:20 +0000  copying file ./Contents/Frameworks/Sparkle.framework/Versions/B/Resources/zh_TW.lproj/Sparkle.strings ... 
2026-09-06 16:36:20 +0000  hardlinked ./Contents/Frameworks/Sparkle.framework/Versions/B/Resources/zh_TW.lproj/Sparkle.strings
2026-09-06 16:36:20 +0000  copying file ./Contents/Frameworks/Sparkle.framework/Versions/B/Resources/pt-BR.lproj/Sparkle.strings ... 
2026-09-06 16:36:20 +0000  hardlinked ./Contents/Frameworks/Sparkle.framework/Versions/B/Resources/pt-BR.lproj/Sparkle.strings
2026-09-06 16:36:20 +0000  copying file ./Contents/Frameworks/Sparkle.framework/Versions/B/Resources/vi.lproj/Sparkle.strings ... 
2026-09-06 16:36:20 +0000  hardlinked ./Contents/Frameworks/Sparkle.framework/Versions/B/Resources/vi.lproj/Sparkle.strings
2026-09-06 16:36:20 +0000  copying file ./Contents/Frameworks/Sparkle.framework/Versions/B/Resources/ru.lproj/Sparkle.strings ... 
2026-09-06 16:36:20 +0000  hardlinked ./Contents/Frameworks/Sparkle.framework/Versions/B/Resources/ru.lproj/Sparkle.strings
2026-09-06 16:36:20 +0000  copying file ./Contents/Frameworks/Sparkle.framework/Versions/B/Resources/SUUpdatePermissionPrompt.nib/keyedobjects-110000.nib ... 
2026-09-06 16:36:20 +0000  hardlinked ./Contents/Frameworks/Sparkle.framework/Versions/B/Resources/SUUpdatePermissionPrompt.nib/keyedobjects-110000.nib
2026-09-06 16:36:20 +0000  copying file ./Contents/Frameworks/Sparkle.framework/Versions/B/Resources/SUUpdatePermissionPrompt.nib/keyedobjects-101300.nib ... 
2026-09-06 16:36:20 +0000  hardlinked ./Contents/Frameworks/Sparkle.framework/Versions/B/Resources/SUUpdatePermissionPrompt.nib/keyedobjects-101300.nib
2026-09-06 16:36:20 +0000  copying file ./Contents/Frameworks/Sparkle.framework/Versions/B/Resources/SUStatus.nib ... 
2026-09-06 16:36:20 +0000  hardlinked ./Contents/Frameworks/Sparkle.framework/Versions/B/Resources/SUStatus.nib
2026-09-06 16:36:20 +0000  copying file ./Contents/Frameworks/Sparkle.framework/Versions/B/Resources/SUUpdateAlert.nib ... 
2026-09-06 16:36:20 +0000  hardlinked ./Contents/Frameworks/Sparkle.framework/Versions/B/Resources/SUUpdateAlert.nib
2026-09-06 16:36:20 +0000  copying file ./Contents/Frameworks/Sparkle.framework/Versions/B/Resources/fr.lproj/Sparkle.strings ... 
2026-09-06 16:36:20 +0000  hardlinked ./Contents/Frameworks/Sparkle.framework/Versions/B/Resources/fr.lproj/Sparkle.strings
2026-09-06 16:36:20 +0000  copying file ./Contents/Frameworks/Sparkle.framework/Versions/B/Resources/fi.lproj/Sparkle.strings ... 
2026-09-06 16:36:20 +0000  hardlinked ./Contents/Frameworks/Sparkle.framework/Versions/B/Resources/fi.lproj/Sparkle.strings
2026-09-06 16:36:20 +0000  copying file ./Contents/Frameworks/Sparkle.framework/Versions/B/Resources/nl.lproj/Sparkle.strings ... 
2026-09-06 16:36:20 +0000  hardlinked ./Contents/Frameworks/Sparkle.framework/Versions/B/Resources/nl.lproj/Sparkle.strings
2026-09-06 16:36:20 +0000  copying file ./Contents/Frameworks/Sparkle.framework/Versions/B/Resources/th.lproj/Sparkle.strings ... 
2026-09-06 16:36:20 +0000  hardlinked ./Contents/Frameworks/Sparkle.framework/Versions/B/Resources/th.lproj/Sparkle.strings
2026-09-06 16:36:20 +0000  copying file ./Contents/Frameworks/Sparkle.framework/Versions/B/Resources/nn.lproj/Sparkle.strings ... 
2026-09-06 16:36:20 +0000  hardlinked ./Contents/Frameworks/Sparkle.framework/Versions/B/Resources/nn.lproj/Sparkle.strings
2026-09-06 16:36:20 +0000  copying file ./Contents/Frameworks/Sparkle.framework/Versions/B/Resources/pt-PT.lproj/Sparkle.strings ... 
2026-09-06 16:36:20 +0000  hardlinked ./Contents/Frameworks/Sparkle.framework/Versions/B/Resources/pt-PT.lproj/Sparkle.strings
2026-09-06 16:36:20 +0000  copying file ./Contents/Frameworks/Sparkle.framework/Versions/B/Resources/ro.lproj/Sparkle.strings ... 
2026-09-06 16:36:20 +0000  hardlinked ./Contents/Frameworks/Sparkle.framework/Versions/B/Resources/ro.lproj/Sparkle.strings
2026-09-06 16:36:20 +0000  copying file ./Contents/Frameworks/Sparkle.framework/Versions/B/Resources/Info.plist ... 
2026-09-06 16:36:20 +0000  hardlinked ./Contents/Frameworks/Sparkle.framework/Versions/B/Resources/Info.plist
2026-09-06 16:36:20 +0000  copying file ./Contents/Frameworks/Sparkle.framework/Versions/B/Resources/hr.lproj/Sparkle.strings ... 
2026-09-06 16:36:20 +0000  hardlinked ./Contents/Frameworks/Sparkle.framework/Versions/B/Resources/hr.lproj/Sparkle.strings
2026-09-06 16:36:20 +0000  copying file ./Contents/Frameworks/Sparkle.framework/Versions/B/Resources/ca.lproj/Sparkle.strings ... 
2026-09-06 16:36:20 +0000  hardlinked ./Contents/Frameworks/Sparkle.framework/Versions/B/Resources/ca.lproj/Sparkle.strings
2026-09-06 16:36:20 +0000  copying file ./Contents/Frameworks/Sparkle.framework/Versions/B/Autoupdate ... 
2026-09-06 16:36:20 +0000  hardlinked ./Contents/Frameworks/Sparkle.framework/Versions/B/Autoupdate
2026-09-06 16:36:20 +0000  copying file ./Contents/Frameworks/Sparkle.framework/Versions/B/Updater.app/Contents/_CodeSignature/CodeResources ... 
2026-09-06 16:36:20 +0000  hardlinked ./Contents/Frameworks/Sparkle.framework/Versions/B/Updater.app/Contents/_CodeSignature/CodeResources
2026-09-06 16:36:20 +0000  copying file ./Contents/Frameworks/Sparkle.framework/Versions/B/Updater.app/Contents/MacOS/Updater ... 
2026-09-06 16:36:20 +0000  hardlinked ./Contents/Frameworks/Sparkle.framework/Versions/B/Updater.app/Contents/MacOS/Updater
2026-09-06 16:36:20 +0000  copying file ./Contents/Frameworks/Sparkle.framework/Versions/B/Updater.app/Contents/Resources/SUStatus.nib ... 
2026-09-06 16:36:20 +0000  hardlinked ./Contents/Frameworks/Sparkle.framework/Versions/B/Updater.app/Contents/Resources/SUStatus.nib
2026-09-06 16:36:20 +0000  copying file ./Contents/Frameworks/Sparkle.framework/Versions/B/Updater.app/Contents/Info.plist ... 
2026-09-06 16:36:20 +0000  hardlinked ./Contents/Frameworks/Sparkle.framework/Versions/B/Updater.app/Contents/Info.plist
2026-09-06 16:36:20 +0000  copying file ./Contents/Frameworks/Sparkle.framework/Versions/B/Updater.app/Contents/PkgInfo ... 
2026-09-06 16:36:20 +0000  hardlinked ./Contents/Frameworks/Sparkle.framework/Versions/B/Updater.app/Contents/PkgInfo
2026-09-06 16:36:20 +0000  copying file ./Contents/Frameworks/Sparkle.framework/Versions/B/XPCServices/Downloader.xpc/Contents/_CodeSignature/CodeResources ... 
2026-09-06 16:36:20 +0000  hardlinked ./Contents/Frameworks/Sparkle.framework/Versions/B/XPCServices/Downloader.xpc/Contents/_CodeSignature/CodeResources
2026-09-06 16:36:20 +0000  copying file ./Contents/Frameworks/Sparkle.framework/Versions/B/XPCServices/Downloader.xpc/Contents/MacOS/Downloader ... 
2026-09-06 16:36:20 +0000  hardlinked ./Contents/Frameworks/Sparkle.framework/Versions/B/XPCServices/Downloader.xpc/Contents/MacOS/Downloader
2026-09-06 16:36:20 +0000  copying file ./Contents/Frameworks/Sparkle.framework/Versions/B/XPCServices/Downloader.xpc/Contents/Info.plist ... 
2026-09-06 16:36:20 +0000  hardlinked ./Contents/Frameworks/Sparkle.framework/Versions/B/XPCServices/Downloader.xpc/Contents/Info.plist
2026-09-06 16:36:20 +0000  copying file ./Contents/Frameworks/Sparkle.framework/Versions/B/XPCServices/Installer.xpc/Contents/_CodeSignature/CodeResources ... 
2026-09-06 16:36:20 +0000  hardlinked ./Contents/Frameworks/Sparkle.framework/Versions/B/XPCServices/Installer.xpc/Contents/_CodeSignature/CodeResources
2026-09-06 16:36:20 +0000  copying file ./Contents/Frameworks/Sparkle.framework/Versions/B/XPCServices/Installer.xpc/Contents/MacOS/Installer ... 
2026-09-06 16:36:20 +0000  hardlinked ./Contents/Frameworks/Sparkle.framework/Versions/B/XPCServices/Installer.xpc/Contents/MacOS/Installer
2026-09-06 16:36:20 +0000  copying file ./Contents/Frameworks/Sparkle.framework/Versions/B/XPCServices/Installer.xpc/Contents/Info.plist ... 
2026-09-06 16:36:20 +0000  hardlinked ./Contents/Frameworks/Sparkle.framework/Versions/B/XPCServices/Installer.xpc/Contents/Info.plist
2026-09-06 16:36:20 +0000  copying file ./Contents/Frameworks/Sparkle.framework/Versions/B/Sparkle ... 
2026-09-06 16:36:20 +0000  hardlinked ./Contents/Frameworks/Sparkle.framework/Versions/B/Sparkle
2026-09-06 16:36:20 +0000  copying symlink ./Contents/Frameworks/Sparkle.framework/Autoupdate ... 
2026-09-06 16:36:20 +0000  linked ./Contents/Frameworks/Sparkle.framework/Autoupdate
2026-09-06 16:36:20 +0000  copying symlink ./Contents/Frameworks/Sparkle.framework/Updater.app ... 
2026-09-06 16:36:20 +0000  linked ./Contents/Frameworks/Sparkle.framework/Updater.app
2026-09-06 16:36:20 +0000  copying symlink ./Contents/Frameworks/Sparkle.framework/XPCServices ... 
2026-09-06 16:36:20 +0000  linked ./Contents/Frameworks/Sparkle.framework/XPCServices
2026-09-06 16:36:20 +0000  copying symlink ./Contents/Frameworks/Sparkle.framework/Sparkle ... 
2026-09-06 16:36:20 +0000  linked ./Contents/Frameworks/Sparkle.framework/Sparkle
2026-09-06 16:36:20 +0000  copying file ./Contents/Info.plist ... 
2026-09-06 16:36:20 +0000  hardlinked ./Contents/Info.plist
2026-09-06 16:36:20 +0000  copying file ./Contents/PkgInfo ... 
2026-09-06 16:36:20 +0000  hardlinked ./Contents/PkgInfo
2026-09-06 16:36:20 +0000 [MT] /usr/bin/ditto exited with 0
2026-09-06 16:36:20 +0000 [MT] Processing step: IDEDistributionEmbedProfileStep
2026-09-06 16:36:20 +0000 [MT] Skipping profile for item: <IDEDistributionItem: 0x7aa226d980; bundleID='org.sparkle-project.DownloaderService', path='<DVTFilePath:0x7aa142f2a0:'/Users/vasek/Git/QuotaVadis/dist/QuotaVadis.xcarchive/Products/Applications/QuotaVadis.app/Contents/Frameworks/Sparkle.framework/Versions/B/XPCServices/Downloader.xpc'>', codeSigningInfo='<_DVTCodeSigningInformation_Path: 0x7aa226d920; isSigned='1', isAdHocSigned='1', signingCertificate='(null)', entitlements='{
}', teamID='(null)', identifier='org.sparkle-project.DownloaderService', executablePath='<DVTFilePath:0x7aa142f720:'/Users/vasek/Git/QuotaVadis/dist/QuotaVadis.xcarchive/Products/Applications/QuotaVadis.app/Contents/Frameworks/Sparkle.framework/Versions/B/XPCServices/Downloader.xpc/Contents/MacOS/Downloader'>', hardenedRuntime='1'>'>
2026-09-06 16:36:20 +0000 [MT] Skipping profile for item: <IDEDistributionItem: 0x7aa226d5c0; bundleID='org.sparkle-project.InstallerLauncher', path='<DVTFilePath:0x7aa142f900:'/Users/vasek/Git/QuotaVadis/dist/QuotaVadis.xcarchive/Products/Applications/QuotaVadis.app/Contents/Frameworks/Sparkle.framework/Versions/B/XPCServices/Installer.xpc'>', codeSigningInfo='<_DVTCodeSigningInformation_Path: 0x7aa226d320; isSigned='1', isAdHocSigned='1', signingCertificate='(null)', entitlements='{
}', teamID='(null)', identifier='org.sparkle-project.InstallerLauncher', executablePath='<DVTFilePath:0x7aa142fb40:'/Users/vasek/Git/QuotaVadis/dist/QuotaVadis.xcarchive/Products/Applications/QuotaVadis.app/Contents/Frameworks/Sparkle.framework/Versions/B/XPCServices/Installer.xpc/Contents/MacOS/Installer'>', hardenedRuntime='1'>'>
2026-09-06 16:36:20 +0000 [MT] Skipping profile for item: <IDEDistributionItem: 0x7aa226d740; bundleID='(null)', path='<DVTFilePath:0x7aa226cd20:'/Users/vasek/Git/QuotaVadis/dist/QuotaVadis.xcarchive/Products/Applications/QuotaVadis.app/Contents/Frameworks/Sparkle.framework/Versions/B/Autoupdate'>', codeSigningInfo='<_DVTCodeSigningInformation_Path: 0x7aa226d6e0; isSigned='1', isAdHocSigned='1', signingCertificate='(null)', entitlements='{
    "com.apple.application-identifier" = "org.sparkle-project.Sparkle.Autoupdate";
}', teamID='(null)', identifier='Autoupdate-5555494467dcbc6056da3300b22db5f67fff8b2d', executablePath='<DVTFilePath:0x7aa226cd20:'/Users/vasek/Git/QuotaVadis/dist/QuotaVadis.xcarchive/Products/Applications/QuotaVadis.app/Contents/Frameworks/Sparkle.framework/Versions/B/Autoupdate'>', hardenedRuntime='1'>'>
2026-09-06 16:36:20 +0000 [MT] Skipping profile for item: <IDEDistributionItem: 0x7aa226d7a0; bundleID='org.sparkle-project.Sparkle.Updater', path='<DVTFilePath:0x7aa226cd80:'/Users/vasek/Git/QuotaVadis/dist/QuotaVadis.xcarchive/Products/Applications/QuotaVadis.app/Contents/Frameworks/Sparkle.framework/Versions/B/Updater.app'>', codeSigningInfo='<_DVTCodeSigningInformation_Path: 0x7aa226d680; isSigned='1', isAdHocSigned='1', signingCertificate='(null)', entitlements='{
}', teamID='(null)', identifier='org.sparkle-project.Sparkle.Updater', executablePath='<DVTFilePath:0x7aa226cfc0:'/Users/vasek/Git/QuotaVadis/dist/QuotaVadis.xcarchive/Products/Applications/QuotaVadis.app/Contents/Frameworks/Sparkle.framework/Versions/B/Updater.app/Contents/MacOS/Updater'>', hardenedRuntime='1'>'>
2026-09-06 16:36:20 +0000 [MT] Skipping profile for item: <IDEDistributionItem: 0x7aa226dd40; bundleID='org.sparkle-project.Sparkle', path='<DVTFilePath:0x7aa213a1c0:'/Users/vasek/Git/QuotaVadis/dist/QuotaVadis.xcarchive/Products/Applications/QuotaVadis.app/Contents/Frameworks/Sparkle.framework/Versions/B'>', codeSigningInfo='<_DVTCodeSigningInformation_Path: 0x7aa226d860; isSigned='1', isAdHocSigned='0', signingCertificate='<DVTSigningCertificate: 0x7a9f373f00; name='Apple Development: Vaclav Zmrhal (43UH7Z58PM)', hash='B1BE306A47991BA0066C114D277F8197340B0A2E', serialNumber='89DA501F888D9FD14B4A4940E1022A6', certificateKinds='(
    "1.2.840.113635.100.6.1.12",
    "1.2.840.113635.100.6.1.2"
), issueDate='2026-06-03 14:22:19 +0000''>', entitlements='(null)', teamID='8PW5FWH7P2', identifier='org.sparkle-project.Sparkle', executablePath='<DVTFilePath:0x7aa142fd80:'/Users/vasek/Git/QuotaVadis/dist/QuotaVadis.xcarchive/Products/Applications/QuotaVadis.app/Contents/Frameworks/Sparkle.framework/Versions/B/Sparkle'>', hardenedRuntime='1'>'>
2026-09-06 16:36:20 +0000 [MT] Processing step: IDEDistributionInfoPlistStep
2026-09-06 16:36:20 +0000 [MT] Skipping step: IDEDistributionInfoPlistStep because it said so
2026-09-06 16:36:20 +0000 [MT] Skipping step: IDEDistributionInfoPlistStep because it said so
2026-09-06 16:36:20 +0000 [MT] Skipping step: IDEDistributionInfoPlistStep because it said so
2026-09-06 16:36:20 +0000 [MT] Skipping step: IDEDistributionInfoPlistStep because it said so
2026-09-06 16:36:20 +0000 [MT] Skipping step: IDEDistributionInfoPlistStep because it said so
2026-09-06 16:36:20 +0000 [MT] Skipping step: IDEDistributionInfoPlistStep because it said so
2026-09-06 16:36:20 +0000 [MT] Skipping step: IDEDistributionInfoPlistStep because it said so
2026-09-06 16:36:20 +0000 [MT] Processing step: IDEDistributionAppThinningPlistStep
2026-09-06 16:36:20 +0000 [MT] Processing step: IDEDistributionSymbolsStep
2026-09-06 16:36:20 +0000 [MT] Skipping step: IDEDistributionSymbolsStep because it said so
2026-09-06 16:36:20 +0000 [MT] Processing step: IDEDistributionAppThinningStep
2026-09-06 16:36:20 +0000 [MT] Skipping step: IDEDistributionAppThinningStep because it said so
2026-09-06 16:36:20 +0000 [MT] Processing step: IDEDistributionArchThinningStep
2026-09-06 16:36:20 +0000 [MT] Archs to thin for item /Users/vasek/Git/QuotaVadis/dist/QuotaVadis.xcarchive/Products/Applications/QuotaVadis.app/Contents/Frameworks/Sparkle.framework/Versions/B/XPCServices/Downloader.xpc are []
2026-09-06 16:36:20 +0000 [MT] Archs to thin for item /Users/vasek/Git/QuotaVadis/dist/QuotaVadis.xcarchive/Products/Applications/QuotaVadis.app/Contents/Frameworks/Sparkle.framework/Versions/B/XPCServices/Installer.xpc are []
2026-09-06 16:36:20 +0000 [MT] Archs to thin for item /Users/vasek/Git/QuotaVadis/dist/QuotaVadis.xcarchive/Products/Applications/QuotaVadis.app/Contents/Frameworks/Sparkle.framework/Versions/B/Autoupdate are []
2026-09-06 16:36:20 +0000 [MT] Archs to thin for item /Users/vasek/Git/QuotaVadis/dist/QuotaVadis.xcarchive/Products/Applications/QuotaVadis.app/Contents/Frameworks/Sparkle.framework/Versions/B/Updater.app are []
2026-09-06 16:36:20 +0000 [MT] Archs to thin for item /Users/vasek/Git/QuotaVadis/dist/QuotaVadis.xcarchive/Products/Applications/QuotaVadis.app/Contents/Frameworks/Sparkle.framework/Versions/B are []
2026-09-06 16:36:20 +0000 [MT] Archs to thin for item /Users/vasek/Git/QuotaVadis/dist/QuotaVadis.xcarchive/Products/Applications/QuotaVadis.app/Contents/PlugIns/QuotaWidgets-Mac.appex are []
2026-09-06 16:36:20 +0000 [MT] Archs to thin for item /Users/vasek/Git/QuotaVadis/dist/QuotaVadis.xcarchive/Products/Applications/QuotaVadis.app are []
2026-09-06 16:36:20 +0000 [MT] Processing step: IDEDistributionODRStep
2026-09-06 16:36:20 +0000 [MT] Processing step: IDEDistributionStripXattrsStep
2026-09-06 16:36:20 +0000 [MT] Skipping stripping extended attributes because the codesign step will strip them.
2026-09-06 16:36:20 +0000 [MT] Skipping stripping extended attributes because the codesign step will strip them.
2026-09-06 16:36:20 +0000 [MT] Skipping stripping extended attributes because the codesign step will strip them.
2026-09-06 16:36:20 +0000 [MT] Skipping stripping extended attributes because the codesign step will strip them.
2026-09-06 16:36:20 +0000 [MT] Skipping stripping extended attributes because the codesign step will strip them.
2026-09-06 16:36:20 +0000 [MT] Skipping stripping extended attributes because the codesign step will strip them.
2026-09-06 16:36:20 +0000 [MT] Skipping stripping extended attributes because the codesign step will strip them.
2026-09-06 16:36:20 +0000 [MT] Processing step: IDEDistributionCodesignStep
2026-09-06 16:36:20 +0000 [MT] Entitlements for <IDEDistributionItem: 0x7aa226d980; bundleID='org.sparkle-project.DownloaderService', path='<DVTFilePath:0x7aa142f2a0:'/Users/vasek/Git/QuotaVadis/dist/QuotaVadis.xcarchive/Products/Applications/QuotaVadis.app/Contents/Frameworks/Sparkle.framework/Versions/B/XPCServices/Downloader.xpc'>', codeSigningInfo='<_DVTCodeSigningInformation_Path: 0x7aa226d920; isSigned='1', isAdHocSigned='1', signingCertificate='(null)', entitlements='{
}', teamID='(null)', identifier='org.sparkle-project.DownloaderService', executablePath='<DVTFilePath:0x7aa142f720:'/Users/vasek/Git/QuotaVadis/dist/QuotaVadis.xcarchive/Products/Applications/QuotaVadis.app/Contents/Frameworks/Sparkle.framework/Versions/B/XPCServices/Downloader.xpc/Contents/MacOS/Downloader'>', hardenedRuntime='1'>'>: {
}
2026-09-06 16:36:20 +0000 [MT] Associated App Clip Identifiers Filter: Skipping because "com.apple.developer.associated-appclip-app-identifiers" is not present
2026-09-06 16:36:20 +0000 [MT] Entitlements for <IDEDistributionItem: 0x7aa226d980; bundleID='org.sparkle-project.DownloaderService', path='<DVTFilePath:0x7aa142f2a0:'/Users/vasek/Git/QuotaVadis/dist/QuotaVadis.xcarchive/Products/Applications/QuotaVadis.app/Contents/Frameworks/Sparkle.framework/Versions/B/XPCServices/Downloader.xpc'>', codeSigningInfo='<_DVTCodeSigningInformation_Path: 0x7aa226d920; isSigned='1', isAdHocSigned='1', signingCertificate='(null)', entitlements='{
}', teamID='(null)', identifier='org.sparkle-project.DownloaderService', executablePath='<DVTFilePath:0x7aa142f720:'/Users/vasek/Git/QuotaVadis/dist/QuotaVadis.xcarchive/Products/Applications/QuotaVadis.app/Contents/Frameworks/Sparkle.framework/Versions/B/XPCServices/Downloader.xpc/Contents/MacOS/Downloader'>', hardenedRuntime='1'>'> are: {
}
2026-09-06 16:36:20 +0000 [MT] Writing entitlements for <IDEDistributionItem: 0x7aa226d980; bundleID='org.sparkle-project.DownloaderService', path='<DVTFilePath:0x7aa142f2a0:'/Users/vasek/Git/QuotaVadis/dist/QuotaVadis.xcarchive/Products/Applications/QuotaVadis.app/Contents/Frameworks/Sparkle.framework/Versions/B/XPCServices/Downloader.xpc'>', codeSigningInfo='<_DVTCodeSigningInformation_Path: 0x7aa226d920; isSigned='1', isAdHocSigned='1', signingCertificate='(null)', entitlements='{
}', teamID='(null)', identifier='org.sparkle-project.DownloaderService', executablePath='<DVTFilePath:0x7aa142f720:'/Users/vasek/Git/QuotaVadis/dist/QuotaVadis.xcarchive/Products/Applications/QuotaVadis.app/Contents/Frameworks/Sparkle.framework/Versions/B/XPCServices/Downloader.xpc/Contents/MacOS/Downloader'>', hardenedRuntime='1'>'> to: /var/folders/n_/kkfmm01934xbwb28csq8jz0m0000gn/T/XcodeDistPipeline.~~~d9zMCn/entitlements~~~rxte0E
2026-09-06 16:36:20 +0000 [MT] invoking codesign: <NSConcreteTask: 0x7aa0796800; launchPath='/usr/bin/codesign', arguments='(
    "-f",
    "-s",
    258563697CF902AF0AC6217E77B9D50F2B1E1251,
    "--entitlements",
    "/var/folders/n_/kkfmm01934xbwb28csq8jz0m0000gn/T/XcodeDistPipeline.~~~d9zMCn/entitlements~~~rxte0E",
    "--requirements",
    "=designated => anchor apple generic  and identifier \"$self.identifier\" and ((cert leaf[field.1.2.840.113635.100.6.1.9] exists) or ( certificate 1[field.1.2.840.113635.100.6.2.6] exists and certificate leaf[field.1.2.840.113635.100.6.1.13] exists  and certificate leaf[subject.OU] = \"8PW5FWH7P2\" ))",
    "--preserve-metadata=identifier,flags,runtime,launch-constraints,library-constraints",
    "--generate-entitlement-der",
    "--strip-disallowed-xattrs",
    "-vvv",
    "/var/folders/n_/kkfmm01934xbwb28csq8jz0m0000gn/T/XcodeDistPipeline.~~~d9zMCn/Root/Applications/QuotaVadis.app/Contents/Frameworks/Sparkle.framework/Versions/B/XPCServices/Downloader.xpc"
)'>
2026-09-06 16:36:22 +0000 [MT] codesign output: /var/folders/n_/kkfmm01934xbwb28csq8jz0m0000gn/T/XcodeDistPipeline.~~~d9zMCn/Root/Applications/QuotaVadis.app/Contents/Frameworks/Sparkle.framework/Versions/B/XPCServices/Downloader.xpc: replacing existing signature
/var/folders/n_/kkfmm01934xbwb28csq8jz0m0000gn/T/XcodeDistPipeline.~~~d9zMCn/Root/Applications/QuotaVadis.app/Contents/Frameworks/Sparkle.framework/Versions/B/XPCServices/Downloader.xpc: signed bundle with Mach-O universal (x86_64 arm64) [org.sparkle-project.DownloaderService]
2026-09-06 16:36:22 +0000 [MT] Entitlements for <IDEDistributionItem: 0x7aa226d5c0; bundleID='org.sparkle-project.InstallerLauncher', path='<DVTFilePath:0x7aa142f900:'/Users/vasek/Git/QuotaVadis/dist/QuotaVadis.xcarchive/Products/Applications/QuotaVadis.app/Contents/Frameworks/Sparkle.framework/Versions/B/XPCServices/Installer.xpc'>', codeSigningInfo='<_DVTCodeSigningInformation_Path: 0x7aa226d320; isSigned='1', isAdHocSigned='1', signingCertificate='(null)', entitlements='{
}', teamID='(null)', identifier='org.sparkle-project.InstallerLauncher', executablePath='<DVTFilePath:0x7aa142fb40:'/Users/vasek/Git/QuotaVadis/dist/QuotaVadis.xcarchive/Products/Applications/QuotaVadis.app/Contents/Frameworks/Sparkle.framework/Versions/B/XPCServices/Installer.xpc/Contents/MacOS/Installer'>', hardenedRuntime='1'>'>: {
}
2026-09-06 16:36:22 +0000 [MT] Associated App Clip Identifiers Filter: Skipping because "com.apple.developer.associated-appclip-app-identifiers" is not present
2026-09-06 16:36:22 +0000 [MT] Entitlements for <IDEDistributionItem: 0x7aa226d5c0; bundleID='org.sparkle-project.InstallerLauncher', path='<DVTFilePath:0x7aa142f900:'/Users/vasek/Git/QuotaVadis/dist/QuotaVadis.xcarchive/Products/Applications/QuotaVadis.app/Contents/Frameworks/Sparkle.framework/Versions/B/XPCServices/Installer.xpc'>', codeSigningInfo='<_DVTCodeSigningInformation_Path: 0x7aa226d320; isSigned='1', isAdHocSigned='1', signingCertificate='(null)', entitlements='{
}', teamID='(null)', identifier='org.sparkle-project.InstallerLauncher', executablePath='<DVTFilePath:0x7aa142fb40:'/Users/vasek/Git/QuotaVadis/dist/QuotaVadis.xcarchive/Products/Applications/QuotaVadis.app/Contents/Frameworks/Sparkle.framework/Versions/B/XPCServices/Installer.xpc/Contents/MacOS/Installer'>', hardenedRuntime='1'>'> are: {
}
2026-09-06 16:36:22 +0000 [MT] Writing entitlements for <IDEDistributionItem: 0x7aa226d5c0; bundleID='org.sparkle-project.InstallerLauncher', path='<DVTFilePath:0x7aa142f900:'/Users/vasek/Git/QuotaVadis/dist/QuotaVadis.xcarchive/Products/Applications/QuotaVadis.app/Contents/Frameworks/Sparkle.framework/Versions/B/XPCServices/Installer.xpc'>', codeSigningInfo='<_DVTCodeSigningInformation_Path: 0x7aa226d320; isSigned='1', isAdHocSigned='1', signingCertificate='(null)', entitlements='{
}', teamID='(null)', identifier='org.sparkle-project.InstallerLauncher', executablePath='<DVTFilePath:0x7aa142fb40:'/Users/vasek/Git/QuotaVadis/dist/QuotaVadis.xcarchive/Products/Applications/QuotaVadis.app/Contents/Frameworks/Sparkle.framework/Versions/B/XPCServices/Installer.xpc/Contents/MacOS/Installer'>', hardenedRuntime='1'>'> to: /var/folders/n_/kkfmm01934xbwb28csq8jz0m0000gn/T/XcodeDistPipeline.~~~d9zMCn/entitlements~~~xwvmVo
2026-09-06 16:36:22 +0000 [MT] invoking codesign: <NSConcreteTask: 0x7aa0cfe760; launchPath='/usr/bin/codesign', arguments='(
    "-f",
    "-s",
    258563697CF902AF0AC6217E77B9D50F2B1E1251,
    "--entitlements",
    "/var/folders/n_/kkfmm01934xbwb28csq8jz0m0000gn/T/XcodeDistPipeline.~~~d9zMCn/entitlements~~~xwvmVo",
    "--requirements",
    "=designated => anchor apple generic  and identifier \"$self.identifier\" and ((cert leaf[field.1.2.840.113635.100.6.1.9] exists) or ( certificate 1[field.1.2.840.113635.100.6.2.6] exists and certificate leaf[field.1.2.840.113635.100.6.1.13] exists  and certificate leaf[subject.OU] = \"8PW5FWH7P2\" ))",
    "--preserve-metadata=identifier,flags,runtime,launch-constraints,library-constraints",
    "--generate-entitlement-der",
    "--strip-disallowed-xattrs",
    "-vvv",
    "/var/folders/n_/kkfmm01934xbwb28csq8jz0m0000gn/T/XcodeDistPipeline.~~~d9zMCn/Root/Applications/QuotaVadis.app/Contents/Frameworks/Sparkle.framework/Versions/B/XPCServices/Installer.xpc"
)'>
2026-09-06 16:36:24 +0000 [MT] codesign output: /var/folders/n_/kkfmm01934xbwb28csq8jz0m0000gn/T/XcodeDistPipeline.~~~d9zMCn/Root/Applications/QuotaVadis.app/Contents/Frameworks/Sparkle.framework/Versions/B/XPCServices/Installer.xpc: replacing existing signature
/var/folders/n_/kkfmm01934xbwb28csq8jz0m0000gn/T/XcodeDistPipeline.~~~d9zMCn/Root/Applications/QuotaVadis.app/Contents/Frameworks/Sparkle.framework/Versions/B/XPCServices/Installer.xpc: signed bundle with Mach-O universal (x86_64 arm64) [org.sparkle-project.InstallerLauncher]
2026-09-06 16:36:24 +0000 [MT] Entitlements for <IDEDistributionItem: 0x7aa226d740; bundleID='(null)', path='<DVTFilePath:0x7aa226cd20:'/Users/vasek/Git/QuotaVadis/dist/QuotaVadis.xcarchive/Products/Applications/QuotaVadis.app/Contents/Frameworks/Sparkle.framework/Versions/B/Autoupdate'>', codeSigningInfo='<_DVTCodeSigningInformation_Path: 0x7aa226d6e0; isSigned='1', isAdHocSigned='1', signingCertificate='(null)', entitlements='{
    "com.apple.application-identifier" = "org.sparkle-project.Sparkle.Autoupdate";
}', teamID='(null)', identifier='Autoupdate-5555494467dcbc6056da3300b22db5f67fff8b2d', executablePath='<DVTFilePath:0x7aa226cd20:'/Users/vasek/Git/QuotaVadis/dist/QuotaVadis.xcarchive/Products/Applications/QuotaVadis.app/Contents/Frameworks/Sparkle.framework/Versions/B/Autoupdate'>', hardenedRuntime='1'>'>: {
    "com.apple.application-identifier" = "org.sparkle-project.Sparkle.Autoupdate";
}
2026-09-06 16:36:24 +0000 [MT] Associated App Clip Identifiers Filter: Skipping because "com.apple.developer.associated-appclip-app-identifiers" is not present
2026-09-06 16:36:24 +0000 [MT] Entitlements for <IDEDistributionItem: 0x7aa226d740; bundleID='(null)', path='<DVTFilePath:0x7aa226cd20:'/Users/vasek/Git/QuotaVadis/dist/QuotaVadis.xcarchive/Products/Applications/QuotaVadis.app/Contents/Frameworks/Sparkle.framework/Versions/B/Autoupdate'>', codeSigningInfo='<_DVTCodeSigningInformation_Path: 0x7aa226d6e0; isSigned='1', isAdHocSigned='1', signingCertificate='(null)', entitlements='{
    "com.apple.application-identifier" = "org.sparkle-project.Sparkle.Autoupdate";
}', teamID='(null)', identifier='Autoupdate-5555494467dcbc6056da3300b22db5f67fff8b2d', executablePath='<DVTFilePath:0x7aa226cd20:'/Users/vasek/Git/QuotaVadis/dist/QuotaVadis.xcarchive/Products/Applications/QuotaVadis.app/Contents/Frameworks/Sparkle.framework/Versions/B/Autoupdate'>', hardenedRuntime='1'>'> are: {
    "com.apple.application-identifier" = "org.sparkle-project.Sparkle.Autoupdate";
}
2026-09-06 16:36:24 +0000 [MT] Writing entitlements for <IDEDistributionItem: 0x7aa226d740; bundleID='(null)', path='<DVTFilePath:0x7aa226cd20:'/Users/vasek/Git/QuotaVadis/dist/QuotaVadis.xcarchive/Products/Applications/QuotaVadis.app/Contents/Frameworks/Sparkle.framework/Versions/B/Autoupdate'>', codeSigningInfo='<_DVTCodeSigningInformation_Path: 0x7aa226d6e0; isSigned='1', isAdHocSigned='1', signingCertificate='(null)', entitlements='{
    "com.apple.application-identifier" = "org.sparkle-project.Sparkle.Autoupdate";
}', teamID='(null)', identifier='Autoupdate-5555494467dcbc6056da3300b22db5f67fff8b2d', executablePath='<DVTFilePath:0x7aa226cd20:'/Users/vasek/Git/QuotaVadis/dist/QuotaVadis.xcarchive/Products/Applications/QuotaVadis.app/Contents/Frameworks/Sparkle.framework/Versions/B/Autoupdate'>', hardenedRuntime='1'>'> to: /var/folders/n_/kkfmm01934xbwb28csq8jz0m0000gn/T/XcodeDistPipeline.~~~d9zMCn/entitlements~~~ykqwM5
2026-09-06 16:36:24 +0000 [MT] invoking codesign: <NSConcreteTask: 0x7aa0cfde00; launchPath='/usr/bin/codesign', arguments='(
    "-f",
    "-s",
    258563697CF902AF0AC6217E77B9D50F2B1E1251,
    "--entitlements",
    "/var/folders/n_/kkfmm01934xbwb28csq8jz0m0000gn/T/XcodeDistPipeline.~~~d9zMCn/entitlements~~~ykqwM5",
    "--requirements",
    "=designated => anchor apple generic  and identifier \"$self.identifier\" and ((cert leaf[field.1.2.840.113635.100.6.1.9] exists) or ( certificate 1[field.1.2.840.113635.100.6.2.6] exists and certificate leaf[field.1.2.840.113635.100.6.1.13] exists  and certificate leaf[subject.OU] = \"8PW5FWH7P2\" ))",
    "--preserve-metadata=identifier,flags,runtime,launch-constraints,library-constraints",
    "--generate-entitlement-der",
    "--strip-disallowed-xattrs",
    "-vvv",
    "/var/folders/n_/kkfmm01934xbwb28csq8jz0m0000gn/T/XcodeDistPipeline.~~~d9zMCn/Root/Applications/QuotaVadis.app/Contents/Frameworks/Sparkle.framework/Versions/B/Autoupdate"
)'>
2026-09-06 16:36:26 +0000 [MT] codesign output: /var/folders/n_/kkfmm01934xbwb28csq8jz0m0000gn/T/XcodeDistPipeline.~~~d9zMCn/Root/Applications/QuotaVadis.app/Contents/Frameworks/Sparkle.framework/Versions/B/Autoupdate: replacing existing signature
/var/folders/n_/kkfmm01934xbwb28csq8jz0m0000gn/T/XcodeDistPipeline.~~~d9zMCn/Root/Applications/QuotaVadis.app/Contents/Frameworks/Sparkle.framework/Versions/B/Autoupdate: signed Mach-O universal (x86_64 arm64) [Autoupdate-5555494467dcbc6056da3300b22db5f67fff8b2d]
2026-09-06 16:36:26 +0000 [MT] Entitlements for <IDEDistributionItem: 0x7aa226d7a0; bundleID='org.sparkle-project.Sparkle.Updater', path='<DVTFilePath:0x7aa226cd80:'/Users/vasek/Git/QuotaVadis/dist/QuotaVadis.xcarchive/Products/Applications/QuotaVadis.app/Contents/Frameworks/Sparkle.framework/Versions/B/Updater.app'>', codeSigningInfo='<_DVTCodeSigningInformation_Path: 0x7aa226d680; isSigned='1', isAdHocSigned='1', signingCertificate='(null)', entitlements='{
}', teamID='(null)', identifier='org.sparkle-project.Sparkle.Updater', executablePath='<DVTFilePath:0x7aa226cfc0:'/Users/vasek/Git/QuotaVadis/dist/QuotaVadis.xcarchive/Products/Applications/QuotaVadis.app/Contents/Frameworks/Sparkle.framework/Versions/B/Updater.app/Contents/MacOS/Updater'>', hardenedRuntime='1'>'>: {
}
2026-09-06 16:36:26 +0000 [MT] Associated App Clip Identifiers Filter: Skipping because "com.apple.developer.associated-appclip-app-identifiers" is not present
2026-09-06 16:36:26 +0000 [MT] Entitlements for <IDEDistributionItem: 0x7aa226d7a0; bundleID='org.sparkle-project.Sparkle.Updater', path='<DVTFilePath:0x7aa226cd80:'/Users/vasek/Git/QuotaVadis/dist/QuotaVadis.xcarchive/Products/Applications/QuotaVadis.app/Contents/Frameworks/Sparkle.framework/Versions/B/Updater.app'>', codeSigningInfo='<_DVTCodeSigningInformation_Path: 0x7aa226d680; isSigned='1', isAdHocSigned='1', signingCertificate='(null)', entitlements='{
}', teamID='(null)', identifier='org.sparkle-project.Sparkle.Updater', executablePath='<DVTFilePath:0x7aa226cfc0:'/Users/vasek/Git/QuotaVadis/dist/QuotaVadis.xcarchive/Products/Applications/QuotaVadis.app/Contents/Frameworks/Sparkle.framework/Versions/B/Updater.app/Contents/MacOS/Updater'>', hardenedRuntime='1'>'> are: {
}
2026-09-06 16:36:26 +0000 [MT] Writing entitlements for <IDEDistributionItem: 0x7aa226d7a0; bundleID='org.sparkle-project.Sparkle.Updater', path='<DVTFilePath:0x7aa226cd80:'/Users/vasek/Git/QuotaVadis/dist/QuotaVadis.xcarchive/Products/Applications/QuotaVadis.app/Contents/Frameworks/Sparkle.framework/Versions/B/Updater.app'>', codeSigningInfo='<_DVTCodeSigningInformation_Path: 0x7aa226d680; isSigned='1', isAdHocSigned='1', signingCertificate='(null)', entitlements='{
}', teamID='(null)', identifier='org.sparkle-project.Sparkle.Updater', executablePath='<DVTFilePath:0x7aa226cfc0:'/Users/vasek/Git/QuotaVadis/dist/QuotaVadis.xcarchive/Products/Applications/QuotaVadis.app/Contents/Frameworks/Sparkle.framework/Versions/B/Updater.app/Contents/MacOS/Updater'>', hardenedRuntime='1'>'> to: /var/folders/n_/kkfmm01934xbwb28csq8jz0m0000gn/T/XcodeDistPipeline.~~~d9zMCn/entitlements~~~x2l2Mx
2026-09-06 16:36:26 +0000 [MT] invoking codesign: <NSConcreteTask: 0x7aa0cfde50; launchPath='/usr/bin/codesign', arguments='(
    "-f",
    "-s",
    258563697CF902AF0AC6217E77B9D50F2B1E1251,
    "--entitlements",
    "/var/folders/n_/kkfmm01934xbwb28csq8jz0m0000gn/T/XcodeDistPipeline.~~~d9zMCn/entitlements~~~x2l2Mx",
    "--requirements",
    "=designated => anchor apple generic  and identifier \"$self.identifier\" and ((cert leaf[field.1.2.840.113635.100.6.1.9] exists) or ( certificate 1[field.1.2.840.113635.100.6.2.6] exists and certificate leaf[field.1.2.840.113635.100.6.1.13] exists  and certificate leaf[subject.OU] = \"8PW5FWH7P2\" ))",
    "--preserve-metadata=identifier,flags,runtime,launch-constraints,library-constraints",
    "--generate-entitlement-der",
    "--strip-disallowed-xattrs",
    "-vvv",
    "/var/folders/n_/kkfmm01934xbwb28csq8jz0m0000gn/T/XcodeDistPipeline.~~~d9zMCn/Root/Applications/QuotaVadis.app/Contents/Frameworks/Sparkle.framework/Versions/B/Updater.app"
)'>
2026-09-06 16:36:27 +0000 [MT] codesign output: /var/folders/n_/kkfmm01934xbwb28csq8jz0m0000gn/T/XcodeDistPipeline.~~~d9zMCn/Root/Applications/QuotaVadis.app/Contents/Frameworks/Sparkle.framework/Versions/B/Updater.app: replacing existing signature
/var/folders/n_/kkfmm01934xbwb28csq8jz0m0000gn/T/XcodeDistPipeline.~~~d9zMCn/Root/Applications/QuotaVadis.app/Contents/Frameworks/Sparkle.framework/Versions/B/Updater.app: signed app bundle with Mach-O universal (x86_64 arm64) [org.sparkle-project.Sparkle.Updater]
2026-09-06 16:36:27 +0000 [MT] Entitlements for <IDEDistributionItem: 0x7aa226dd40; bundleID='org.sparkle-project.Sparkle', path='<DVTFilePath:0x7aa213a1c0:'/Users/vasek/Git/QuotaVadis/dist/QuotaVadis.xcarchive/Products/Applications/QuotaVadis.app/Contents/Frameworks/Sparkle.framework/Versions/B'>', codeSigningInfo='<_DVTCodeSigningInformation_Path: 0x7aa226d860; isSigned='1', isAdHocSigned='0', signingCertificate='<DVTSigningCertificate: 0x7aa0644c40; name='Apple Development: Vaclav Zmrhal (43UH7Z58PM)', hash='B1BE306A47991BA0066C114D277F8197340B0A2E', serialNumber='89DA501F888D9FD14B4A4940E1022A6', certificateKinds='(
    "1.2.840.113635.100.6.1.12",
    "1.2.840.113635.100.6.1.2"
), issueDate='2026-06-03 14:22:19 +0000''>', entitlements='(null)', teamID='8PW5FWH7P2', identifier='org.sparkle-project.Sparkle', executablePath='<DVTFilePath:0x7aa142fd80:'/Users/vasek/Git/QuotaVadis/dist/QuotaVadis.xcarchive/Products/Applications/QuotaVadis.app/Contents/Frameworks/Sparkle.framework/Versions/B/Sparkle'>', hardenedRuntime='1'>'>: {
}
2026-09-06 16:36:27 +0000 [MT] Associated App Clip Identifiers Filter: Skipping because "com.apple.developer.associated-appclip-app-identifiers" is not present
2026-09-06 16:36:27 +0000 [MT] Entitlements for <IDEDistributionItem: 0x7aa226dd40; bundleID='org.sparkle-project.Sparkle', path='<DVTFilePath:0x7aa213a1c0:'/Users/vasek/Git/QuotaVadis/dist/QuotaVadis.xcarchive/Products/Applications/QuotaVadis.app/Contents/Frameworks/Sparkle.framework/Versions/B'>', codeSigningInfo='<_DVTCodeSigningInformation_Path: 0x7aa226d860; isSigned='1', isAdHocSigned='0', signingCertificate='<DVTSigningCertificate: 0x7aa0644c40; name='Apple Development: Vaclav Zmrhal (43UH7Z58PM)', hash='B1BE306A47991BA0066C114D277F8197340B0A2E', serialNumber='89DA501F888D9FD14B4A4940E1022A6', certificateKinds='(
    "1.2.840.113635.100.6.1.12",
    "1.2.840.113635.100.6.1.2"
), issueDate='2026-06-03 14:22:19 +0000''>', entitlements='(null)', teamID='8PW5FWH7P2', identifier='org.sparkle-project.Sparkle', executablePath='<DVTFilePath:0x7aa142fd80:'/Users/vasek/Git/QuotaVadis/dist/QuotaVadis.xcarchive/Products/Applications/QuotaVadis.app/Contents/Frameworks/Sparkle.framework/Versions/B/Sparkle'>', hardenedRuntime='1'>'> are: {
}
2026-09-06 16:36:27 +0000 [MT] Writing entitlements for <IDEDistributionItem: 0x7aa226dd40; bundleID='org.sparkle-project.Sparkle', path='<DVTFilePath:0x7aa213a1c0:'/Users/vasek/Git/QuotaVadis/dist/QuotaVadis.xcarchive/Products/Applications/QuotaVadis.app/Contents/Frameworks/Sparkle.framework/Versions/B'>', codeSigningInfo='<_DVTCodeSigningInformation_Path: 0x7aa226d860; isSigned='1', isAdHocSigned='0', signingCertificate='<DVTSigningCertificate: 0x7aa0644c40; name='Apple Development: Vaclav Zmrhal (43UH7Z58PM)', hash='B1BE306A47991BA0066C114D277F8197340B0A2E', serialNumber='89DA501F888D9FD14B4A4940E1022A6', certificateKinds='(
    "1.2.840.113635.100.6.1.12",
    "1.2.840.113635.100.6.1.2"
), issueDate='2026-06-03 14:22:19 +0000''>', entitlements='(null)', teamID='8PW5FWH7P2', identifier='org.sparkle-project.Sparkle', executablePath='<DVTFilePath:0x7aa142fd80:'/Users/vasek/Git/QuotaVadis/dist/QuotaVadis.xcarchive/Products/Applications/QuotaVadis.app/Contents/Frameworks/Sparkle.framework/Versions/B/Sparkle'>', hardenedRuntime='1'>'> to: /var/folders/n_/kkfmm01934xbwb28csq8jz0m0000gn/T/XcodeDistPipeline.~~~d9zMCn/entitlements~~~YelWxQ
2026-09-06 16:36:27 +0000 [MT] invoking codesign: <NSConcreteTask: 0x7aa0cfe760; launchPath='/usr/bin/codesign', arguments='(
    "-f",
    "-s",
    258563697CF902AF0AC6217E77B9D50F2B1E1251,
    "--entitlements",
    "/var/folders/n_/kkfmm01934xbwb28csq8jz0m0000gn/T/XcodeDistPipeline.~~~d9zMCn/entitlements~~~YelWxQ",
    "--requirements",
    "=designated => anchor apple generic  and identifier \"$self.identifier\" and ((cert leaf[field.1.2.840.113635.100.6.1.9] exists) or ( certificate 1[field.1.2.840.113635.100.6.2.6] exists and certificate leaf[field.1.2.840.113635.100.6.1.13] exists  and certificate leaf[subject.OU] = \"8PW5FWH7P2\" ))",
    "--preserve-metadata=identifier,flags,runtime,launch-constraints,library-constraints",
    "--generate-entitlement-der",
    "--strip-disallowed-xattrs",
    "-vvv",
    "/var/folders/n_/kkfmm01934xbwb28csq8jz0m0000gn/T/XcodeDistPipeline.~~~d9zMCn/Root/Applications/QuotaVadis.app/Contents/Frameworks/Sparkle.framework/Versions/B"
)'>
2026-09-06 16:36:29 +0000 [MT] codesign output: /var/folders/n_/kkfmm01934xbwb28csq8jz0m0000gn/T/XcodeDistPipeline.~~~d9zMCn/Root/Applications/QuotaVadis.app/Contents/Frameworks/Sparkle.framework/Versions/B: replacing existing signature
/var/folders/n_/kkfmm01934xbwb28csq8jz0m0000gn/T/XcodeDistPipeline.~~~d9zMCn/Root/Applications/QuotaVadis.app/Contents/Frameworks/Sparkle.framework/Versions/B: signed bundle with Mach-O universal (x86_64 arm64) [org.sparkle-project.Sparkle]
2026-09-06 16:36:29 +0000 [MT] Entitlements for <IDEDistributionItem: 0x7aa226da40; bundleID='cz.zmrhal.QuotaVadis.widgets', path='<DVTFilePath:0x7aa20ee140:'/Users/vasek/Git/QuotaVadis/dist/QuotaVadis.xcarchive/Products/Applications/QuotaVadis.app/Contents/PlugIns/QuotaWidgets-Mac.appex'>', codeSigningInfo='<_DVTCodeSigningInformation_Path: 0x7aa226daa0; isSigned='1', isAdHocSigned='0', signingCertificate='<DVTSigningCertificate: 0x7aa0644ee0; name='Apple Development: Vaclav Zmrhal (43UH7Z58PM)', hash='B1BE306A47991BA0066C114D277F8197340B0A2E', serialNumber='89DA501F888D9FD14B4A4940E1022A6', certificateKinds='(
    "1.2.840.113635.100.6.1.12",
    "1.2.840.113635.100.6.1.2"
), issueDate='2026-06-03 14:22:19 +0000''>', entitlements='{
    "com.apple.application-identifier" = "8PW5FWH7P2.cz.zmrhal.QuotaVadis.widgets";
    "com.apple.developer.team-identifier" = 8PW5FWH7P2;
    "com.apple.security.app-sandbox" = 1;
    "com.apple.security.application-groups" =     (
        "group.cz.zmrhal.QuotaVadis"
    );
}', teamID='8PW5FWH7P2', identifier='cz.zmrhal.QuotaVadis.widgets', executablePath='<DVTFilePath:0x7aa20ee450:'/Users/vasek/Git/QuotaVadis/dist/QuotaVadis.xcarchive/Products/Applications/QuotaVadis.app/Contents/PlugIns/QuotaWidgets-Mac.appex/Contents/MacOS/QuotaWidgets-Mac'>', hardenedRuntime='1'>'>: {
    "com.apple.application-identifier" = "8PW5FWH7P2.cz.zmrhal.QuotaVadis.widgets";
    "com.apple.developer.team-identifier" = 8PW5FWH7P2;
    "com.apple.security.app-sandbox" = 1;
    "com.apple.security.application-groups" =     (
        "group.cz.zmrhal.QuotaVadis"
    );
}
2026-09-06 16:36:29 +0000 [MT] Associated App Clip Identifiers Filter: Skipping because "com.apple.developer.associated-appclip-app-identifiers" is not present
2026-09-06 16:36:29 +0000 [MT] Entitlements for <IDEDistributionItem: 0x7aa226da40; bundleID='cz.zmrhal.QuotaVadis.widgets', path='<DVTFilePath:0x7aa20ee140:'/Users/vasek/Git/QuotaVadis/dist/QuotaVadis.xcarchive/Products/Applications/QuotaVadis.app/Contents/PlugIns/QuotaWidgets-Mac.appex'>', codeSigningInfo='<_DVTCodeSigningInformation_Path: 0x7aa226daa0; isSigned='1', isAdHocSigned='0', signingCertificate='<DVTSigningCertificate: 0x7aa0644ee0; name='Apple Development: Vaclav Zmrhal (43UH7Z58PM)', hash='B1BE306A47991BA0066C114D277F8197340B0A2E', serialNumber='89DA501F888D9FD14B4A4940E1022A6', certificateKinds='(
    "1.2.840.113635.100.6.1.12",
    "1.2.840.113635.100.6.1.2"
), issueDate='2026-06-03 14:22:19 +0000''>', entitlements='{
    "com.apple.application-identifier" = "8PW5FWH7P2.cz.zmrhal.QuotaVadis.widgets";
    "com.apple.developer.team-identifier" = 8PW5FWH7P2;
    "com.apple.security.app-sandbox" = 1;
    "com.apple.security.application-groups" =     (
        "group.cz.zmrhal.QuotaVadis"
    );
}', teamID='8PW5FWH7P2', identifier='cz.zmrhal.QuotaVadis.widgets', executablePath='<DVTFilePath:0x7aa20ee450:'/Users/vasek/Git/QuotaVadis/dist/QuotaVadis.xcarchive/Products/Applications/QuotaVadis.app/Contents/PlugIns/QuotaWidgets-Mac.appex/Contents/MacOS/QuotaWidgets-Mac'>', hardenedRuntime='1'>'> are: {
    "com.apple.application-identifier" = "8PW5FWH7P2.cz.zmrhal.QuotaVadis.widgets";
    "com.apple.developer.team-identifier" = 8PW5FWH7P2;
    "com.apple.security.app-sandbox" = 1;
    "com.apple.security.application-groups" =     (
        "group.cz.zmrhal.QuotaVadis"
    );
}
2026-09-06 16:36:29 +0000 [MT] Writing entitlements for <IDEDistributionItem: 0x7aa226da40; bundleID='cz.zmrhal.QuotaVadis.widgets', path='<DVTFilePath:0x7aa20ee140:'/Users/vasek/Git/QuotaVadis/dist/QuotaVadis.xcarchive/Products/Applications/QuotaVadis.app/Contents/PlugIns/QuotaWidgets-Mac.appex'>', codeSigningInfo='<_DVTCodeSigningInformation_Path: 0x7aa226daa0; isSigned='1', isAdHocSigned='0', signingCertificate='<DVTSigningCertificate: 0x7aa0644ee0; name='Apple Development: Vaclav Zmrhal (43UH7Z58PM)', hash='B1BE306A47991BA0066C114D277F8197340B0A2E', serialNumber='89DA501F888D9FD14B4A4940E1022A6', certificateKinds='(
    "1.2.840.113635.100.6.1.12",
    "1.2.840.113635.100.6.1.2"
), issueDate='2026-06-03 14:22:19 +0000''>', entitlements='{
    "com.apple.application-identifier" = "8PW5FWH7P2.cz.zmrhal.QuotaVadis.widgets";
    "com.apple.developer.team-identifier" = 8PW5FWH7P2;
    "com.apple.security.app-sandbox" = 1;
    "com.apple.security.application-groups" =     (
        "group.cz.zmrhal.QuotaVadis"
    );
}', teamID='8PW5FWH7P2', identifier='cz.zmrhal.QuotaVadis.widgets', executablePath='<DVTFilePath:0x7aa20ee450:'/Users/vasek/Git/QuotaVadis/dist/QuotaVadis.xcarchive/Products/Applications/QuotaVadis.app/Contents/PlugIns/QuotaWidgets-Mac.appex/Contents/MacOS/QuotaWidgets-Mac'>', hardenedRuntime='1'>'> to: /var/folders/n_/kkfmm01934xbwb28csq8jz0m0000gn/T/XcodeDistPipeline.~~~d9zMCn/entitlements~~~OGhLAG
2026-09-06 16:36:29 +0000 [MT] invoking codesign: <NSConcreteTask: 0x7aa0796710; launchPath='/usr/bin/codesign', arguments='(
    "-f",
    "-s",
    258563697CF902AF0AC6217E77B9D50F2B1E1251,
    "--entitlements",
    "/var/folders/n_/kkfmm01934xbwb28csq8jz0m0000gn/T/XcodeDistPipeline.~~~d9zMCn/entitlements~~~OGhLAG",
    "--requirements",
    "=designated => anchor apple generic  and identifier \"$self.identifier\" and ((cert leaf[field.1.2.840.113635.100.6.1.9] exists) or ( certificate 1[field.1.2.840.113635.100.6.2.6] exists and certificate leaf[field.1.2.840.113635.100.6.1.13] exists  and certificate leaf[subject.OU] = \"8PW5FWH7P2\" ))",
    "--preserve-metadata=identifier,flags,runtime,launch-constraints,library-constraints",
    "--generate-entitlement-der",
    "--strip-disallowed-xattrs",
    "-vvv",
    "/var/folders/n_/kkfmm01934xbwb28csq8jz0m0000gn/T/XcodeDistPipeline.~~~d9zMCn/Root/Applications/QuotaVadis.app/Contents/PlugIns/QuotaWidgets-Mac.appex"
)'>
2026-09-06 16:36:31 +0000 [MT] codesign output: /var/folders/n_/kkfmm01934xbwb28csq8jz0m0000gn/T/XcodeDistPipeline.~~~d9zMCn/Root/Applications/QuotaVadis.app/Contents/PlugIns/QuotaWidgets-Mac.appex: replacing existing signature
/var/folders/n_/kkfmm01934xbwb28csq8jz0m0000gn/T/XcodeDistPipeline.~~~d9zMCn/Root/Applications/QuotaVadis.app/Contents/PlugIns/QuotaWidgets-Mac.appex: signed bundle with Mach-O universal (x86_64 arm64) [cz.zmrhal.QuotaVadis.widgets]
2026-09-06 16:36:31 +0000 [MT] Entitlements for <IDEDistributionItem: 0x7aa226e280; bundleID='cz.zmrhal.QuotaVadis', path='<DVTFilePath:0x7aa2138360:'/Users/vasek/Git/QuotaVadis/dist/QuotaVadis.xcarchive/Products/Applications/QuotaVadis.app'>', codeSigningInfo='<_DVTCodeSigningInformation_Path: 0x7aa226e2e0; isSigned='1', isAdHocSigned='0', signingCertificate='<DVTSigningCertificate: 0x7aa0645180; name='Apple Development: Vaclav Zmrhal (43UH7Z58PM)', hash='B1BE306A47991BA0066C114D277F8197340B0A2E', serialNumber='89DA501F888D9FD14B4A4940E1022A6', certificateKinds='(
    "1.2.840.113635.100.6.1.12",
    "1.2.840.113635.100.6.1.2"
), issueDate='2026-06-03 14:22:19 +0000''>', entitlements='{
    "com.apple.application-identifier" = "8PW5FWH7P2.cz.zmrhal.QuotaVadis";
    "com.apple.developer.icloud-container-identifiers" =     (
        "iCloud.cz.zmrhal.QuotaVadis"
    );
    "com.apple.developer.icloud-services" =     (
        CloudKit
    );
    "com.apple.developer.team-identifier" = 8PW5FWH7P2;
    "com.apple.security.application-groups" =     (
        "group.cz.zmrhal.QuotaVadis"
    );
}', teamID='8PW5FWH7P2', identifier='cz.zmrhal.QuotaVadis', executablePath='<DVTFilePath:0x7aa2139860:'/Users/vasek/Git/QuotaVadis/dist/QuotaVadis.xcarchive/Products/Applications/QuotaVadis.app/Contents/MacOS/QuotaVadis'>', hardenedRuntime='1'>'>: {
    "com.apple.application-identifier" = "8PW5FWH7P2.cz.zmrhal.QuotaVadis";
    "com.apple.developer.icloud-container-environment" = Production;
    "com.apple.developer.icloud-container-identifiers" =     (
        "iCloud.cz.zmrhal.QuotaVadis"
    );
    "com.apple.developer.icloud-services" =     (
        CloudKit
    );
    "com.apple.developer.team-identifier" = 8PW5FWH7P2;
    "com.apple.security.application-groups" =     (
        "group.cz.zmrhal.QuotaVadis"
    );
}
2026-09-06 16:36:31 +0000 [MT] Associated App Clip Identifiers Filter: Skipping because "com.apple.developer.associated-appclip-app-identifiers" is not present
2026-09-06 16:36:31 +0000 [MT] Entitlements for <IDEDistributionItem: 0x7aa226e280; bundleID='cz.zmrhal.QuotaVadis', path='<DVTFilePath:0x7aa2138360:'/Users/vasek/Git/QuotaVadis/dist/QuotaVadis.xcarchive/Products/Applications/QuotaVadis.app'>', codeSigningInfo='<_DVTCodeSigningInformation_Path: 0x7aa226e2e0; isSigned='1', isAdHocSigned='0', signingCertificate='<DVTSigningCertificate: 0x7aa0645180; name='Apple Development: Vaclav Zmrhal (43UH7Z58PM)', hash='B1BE306A47991BA0066C114D277F8197340B0A2E', serialNumber='89DA501F888D9FD14B4A4940E1022A6', certificateKinds='(
    "1.2.840.113635.100.6.1.12",
    "1.2.840.113635.100.6.1.2"
), issueDate='2026-06-03 14:22:19 +0000''>', entitlements='{
    "com.apple.application-identifier" = "8PW5FWH7P2.cz.zmrhal.QuotaVadis";
    "com.apple.developer.icloud-container-identifiers" =     (
        "iCloud.cz.zmrhal.QuotaVadis"
    );
    "com.apple.developer.icloud-services" =     (
        CloudKit
    );
    "com.apple.developer.team-identifier" = 8PW5FWH7P2;
    "com.apple.security.application-groups" =     (
        "group.cz.zmrhal.QuotaVadis"
    );
}', teamID='8PW5FWH7P2', identifier='cz.zmrhal.QuotaVadis', executablePath='<DVTFilePath:0x7aa2139860:'/Users/vasek/Git/QuotaVadis/dist/QuotaVadis.xcarchive/Products/Applications/QuotaVadis.app/Contents/MacOS/QuotaVadis'>', hardenedRuntime='1'>'> are: {
    "com.apple.application-identifier" = "8PW5FWH7P2.cz.zmrhal.QuotaVadis";
    "com.apple.developer.icloud-container-environment" = Production;
    "com.apple.developer.icloud-container-identifiers" =     (
        "iCloud.cz.zmrhal.QuotaVadis"
    );
    "com.apple.developer.icloud-services" =     (
        CloudKit
    );
    "com.apple.developer.team-identifier" = 8PW5FWH7P2;
    "com.apple.security.application-groups" =     (
        "group.cz.zmrhal.QuotaVadis"
    );
}
2026-09-06 16:36:31 +0000 [MT] Writing entitlements for <IDEDistributionItem: 0x7aa226e280; bundleID='cz.zmrhal.QuotaVadis', path='<DVTFilePath:0x7aa2138360:'/Users/vasek/Git/QuotaVadis/dist/QuotaVadis.xcarchive/Products/Applications/QuotaVadis.app'>', codeSigningInfo='<_DVTCodeSigningInformation_Path: 0x7aa226e2e0; isSigned='1', isAdHocSigned='0', signingCertificate='<DVTSigningCertificate: 0x7aa0645180; name='Apple Development: Vaclav Zmrhal (43UH7Z58PM)', hash='B1BE306A47991BA0066C114D277F8197340B0A2E', serialNumber='89DA501F888D9FD14B4A4940E1022A6', certificateKinds='(
    "1.2.840.113635.100.6.1.12",
    "1.2.840.113635.100.6.1.2"
), issueDate='2026-06-03 14:22:19 +0000''>', entitlements='{
    "com.apple.application-identifier" = "8PW5FWH7P2.cz.zmrhal.QuotaVadis";
    "com.apple.developer.icloud-container-identifiers" =     (
        "iCloud.cz.zmrhal.QuotaVadis"
    );
    "com.apple.developer.icloud-services" =     (
        CloudKit
    );
    "com.apple.developer.team-identifier" = 8PW5FWH7P2;
    "com.apple.security.application-groups" =     (
        "group.cz.zmrhal.QuotaVadis"
    );
}', teamID='8PW5FWH7P2', identifier='cz.zmrhal.QuotaVadis', executablePath='<DVTFilePath:0x7aa2139860:'/Users/vasek/Git/QuotaVadis/dist/QuotaVadis.xcarchive/Products/Applications/QuotaVadis.app/Contents/MacOS/QuotaVadis'>', hardenedRuntime='1'>'> to: /var/folders/n_/kkfmm01934xbwb28csq8jz0m0000gn/T/XcodeDistPipeline.~~~d9zMCn/entitlements~~~sUkqbF
2026-09-06 16:36:31 +0000 [MT] invoking codesign: <NSConcreteTask: 0x7aa04e1ef0; launchPath='/usr/bin/codesign', arguments='(
    "-f",
    "-s",
    258563697CF902AF0AC6217E77B9D50F2B1E1251,
    "--entitlements",
    "/var/folders/n_/kkfmm01934xbwb28csq8jz0m0000gn/T/XcodeDistPipeline.~~~d9zMCn/entitlements~~~sUkqbF",
    "--requirements",
    "=designated => anchor apple generic  and identifier \"$self.identifier\" and ((cert leaf[field.1.2.840.113635.100.6.1.9] exists) or ( certificate 1[field.1.2.840.113635.100.6.2.6] exists and certificate leaf[field.1.2.840.113635.100.6.1.13] exists  and certificate leaf[subject.OU] = \"8PW5FWH7P2\" ))",
    "--preserve-metadata=identifier,flags,runtime,launch-constraints,library-constraints",
    "--generate-entitlement-der",
    "--strip-disallowed-xattrs",
    "-vvv",
    "/var/folders/n_/kkfmm01934xbwb28csq8jz0m0000gn/T/XcodeDistPipeline.~~~d9zMCn/Root/Applications/QuotaVadis.app"
)'>
2026-09-06 16:36:33 +0000 [MT] codesign output: /var/folders/n_/kkfmm01934xbwb28csq8jz0m0000gn/T/XcodeDistPipeline.~~~d9zMCn/Root/Applications/QuotaVadis.app: replacing existing signature
/var/folders/n_/kkfmm01934xbwb28csq8jz0m0000gn/T/XcodeDistPipeline.~~~d9zMCn/Root/Applications/QuotaVadis.app: signed app bundle with Mach-O universal (x86_64 arm64) [cz.zmrhal.QuotaVadis]
2026-09-06 16:36:33 +0000 [MT] Processing step: IDEDistributionZipODRItemStep
2026-09-06 16:36:33 +0000 [MT] Skipping step: IDEDistributionZipODRItemStep because it said so
2026-09-06 16:36:33 +0000 [MT] Skipping step: IDEDistributionZipODRItemStep because it said so
2026-09-06 16:36:33 +0000 [MT] Skipping step: IDEDistributionZipODRItemStep because it said so
2026-09-06 16:36:33 +0000 [MT] Skipping step: IDEDistributionZipODRItemStep because it said so
2026-09-06 16:36:33 +0000 [MT] Skipping step: IDEDistributionZipODRItemStep because it said so
2026-09-06 16:36:33 +0000 [MT] Skipping step: IDEDistributionZipODRItemStep because it said so
2026-09-06 16:36:33 +0000 [MT] Skipping step: IDEDistributionZipODRItemStep because it said so
2026-09-06 16:36:33 +0000 [MT] Processing step: IDEDistributionSkipPackagingStep
2026-09-06 16:36:33 +0000 [MT] Processing step: IDEDistributionAppStoreInformationStep
2026-09-06 16:36:33 +0000 [MT] Skipping step: IDEDistributionAppStoreInformationStep because it said so
2026-09-06 16:36:33 +0000 [MT] Processing step: IDEDistributionGenerateProcessedDistributionItems
2026-09-06 16:36:33 +0000 [MT] IDEDistributionItem init <DVTFilePath:0x7aa2453640:'/var/folders/n_/kkfmm01934xbwb28csq8jz0m0000gn/T/XcodeDistPipeline.~~~d9zMCn/Root/Applications/QuotaVadis.app/Contents/PlugIns/QuotaWidgets-Mac.appex'>
2026-09-06 16:36:33 +0000 [MT] IDEDistributionItem init <DVTFilePath:0x7aa174c8a0:'/var/folders/n_/kkfmm01934xbwb28csq8jz0m0000gn/T/XcodeDistPipeline.~~~d9zMCn/Root/Applications/QuotaVadis.app/Contents/Frameworks/Sparkle.framework/Versions/B/XPCServices/Downloader.xpc'>
2026-09-06 16:36:33 +0000 [MT] [OPTIONAL] Didn't find embedded provisioning profile for <DVTFilePath:0x7aa174c8a0:'/var/folders/n_/kkfmm01934xbwb28csq8jz0m0000gn/T/XcodeDistPipeline.~~~d9zMCn/Root/Applications/QuotaVadis.app/Contents/Frameworks/Sparkle.framework/Versions/B/XPCServices/Downloader.xpc'>: Error Domain=NSCocoaErrorDomain Code=4 "No file at <DVTFilePath:0x7aa24535d0:'/var/folders/n_/kkfmm01934xbwb28csq8jz0m0000gn/T/XcodeDistPipeline.~~~d9zMCn/Root/Applications/QuotaVadis.app/Contents/Frameworks/Sparkle.framework/Versions/B/XPCServices/Downloader.xpc/Contents/embedded.provisionprofile'>" UserInfo={NSLocalizedDescription=No file at <DVTFilePath:0x7aa24535d0:'/var/folders/n_/kkfmm01934xbwb28csq8jz0m0000gn/T/XcodeDistPipeline.~~~d9zMCn/Root/Applications/QuotaVadis.app/Contents/Frameworks/Sparkle.framework/Versions/B/XPCServices/Downloader.xpc/Contents/embedded.provisionprofile'>}
2026-09-06 16:36:33 +0000 [MT] IDEDistributionItem init <DVTFilePath:0x7aa174ca20:'/var/folders/n_/kkfmm01934xbwb28csq8jz0m0000gn/T/XcodeDistPipeline.~~~d9zMCn/Root/Applications/QuotaVadis.app/Contents/Frameworks/Sparkle.framework/Versions/B/Updater.app'>
2026-09-06 16:36:33 +0000 [MT] [OPTIONAL] Didn't find embedded provisioning profile for <DVTFilePath:0x7aa174ca20:'/var/folders/n_/kkfmm01934xbwb28csq8jz0m0000gn/T/XcodeDistPipeline.~~~d9zMCn/Root/Applications/QuotaVadis.app/Contents/Frameworks/Sparkle.framework/Versions/B/Updater.app'>: Error Domain=NSCocoaErrorDomain Code=4 "No file at <DVTFilePath:0x7aa2453410:'/var/folders/n_/kkfmm01934xbwb28csq8jz0m0000gn/T/XcodeDistPipeline.~~~d9zMCn/Root/Applications/QuotaVadis.app/Contents/Frameworks/Sparkle.framework/Versions/B/Updater.app/Contents/embedded.provisionprofile'>" UserInfo={NSLocalizedDescription=No file at <DVTFilePath:0x7aa2453410:'/var/folders/n_/kkfmm01934xbwb28csq8jz0m0000gn/T/XcodeDistPipeline.~~~d9zMCn/Root/Applications/QuotaVadis.app/Contents/Frameworks/Sparkle.framework/Versions/B/Updater.app/Contents/embedded.provisionprofile'>}
2026-09-06 16:36:33 +0000 [MT] IDEDistributionItem init <DVTFilePath:0x7aa174dc20:'/var/folders/n_/kkfmm01934xbwb28csq8jz0m0000gn/T/XcodeDistPipeline.~~~d9zMCn/Root/Applications/QuotaVadis.app/Contents/Frameworks/Sparkle.framework/Versions/B/Autoupdate'>
2026-09-06 16:36:33 +0000 [MT] [OPTIONAL] Didn't find info dictionary for <DVTFilePath:0x7aa174dc20:'/var/folders/n_/kkfmm01934xbwb28csq8jz0m0000gn/T/XcodeDistPipeline.~~~d9zMCn/Root/Applications/QuotaVadis.app/Contents/Frameworks/Sparkle.framework/Versions/B/Autoupdate'>: Error Domain=DVTFoundationNSBundleAdditionsErrorDomain Code=1 "Couldn't load Info dictionary for <DVTFilePath:0x7aa174dc20:'/var/folders/n_/kkfmm01934xbwb28csq8jz0m0000gn/T/XcodeDistPipeline.~~~d9zMCn/Root/Applications/QuotaVadis.app/Contents/Frameworks/Sparkle.framework/Versions/B/Autoupdate'>" UserInfo={NSLocalizedDescription=Couldn't load Info dictionary for <DVTFilePath:0x7aa174dc20:'/var/folders/n_/kkfmm01934xbwb28csq8jz0m0000gn/T/XcodeDistPipeline.~~~d9zMCn/Root/Applications/QuotaVadis.app/Contents/Frameworks/Sparkle.framework/Versions/B/Autoupdate'>}
2026-09-06 16:36:33 +0000 [MT] [OPTIONAL] Can't have a profile, not a bundle at <DVTFilePath:0x7aa174dc20:'/var/folders/n_/kkfmm01934xbwb28csq8jz0m0000gn/T/XcodeDistPipeline.~~~d9zMCn/Root/Applications/QuotaVadis.app/Contents/Frameworks/Sparkle.framework/Versions/B/Autoupdate'>
2026-09-06 16:36:33 +0000 [MT] IDEDistributionItem init <DVTFilePath:0x7aa174c960:'/var/folders/n_/kkfmm01934xbwb28csq8jz0m0000gn/T/XcodeDistPipeline.~~~d9zMCn/Root/Applications/QuotaVadis.app/Contents/Frameworks/Sparkle.framework/Versions/B/XPCServices/Installer.xpc'>
2026-09-06 16:36:33 +0000 [MT] [OPTIONAL] Didn't find embedded provisioning profile for <DVTFilePath:0x7aa174c960:'/var/folders/n_/kkfmm01934xbwb28csq8jz0m0000gn/T/XcodeDistPipeline.~~~d9zMCn/Root/Applications/QuotaVadis.app/Contents/Frameworks/Sparkle.framework/Versions/B/XPCServices/Installer.xpc'>: Error Domain=NSCocoaErrorDomain Code=4 "No file at <DVTFilePath:0x7aa2453cd0:'/var/folders/n_/kkfmm01934xbwb28csq8jz0m0000gn/T/XcodeDistPipeline.~~~d9zMCn/Root/Applications/QuotaVadis.app/Contents/Frameworks/Sparkle.framework/Versions/B/XPCServices/Installer.xpc/Contents/embedded.provisionprofile'>" UserInfo={NSLocalizedDescription=No file at <DVTFilePath:0x7aa2453cd0:'/var/folders/n_/kkfmm01934xbwb28csq8jz0m0000gn/T/XcodeDistPipeline.~~~d9zMCn/Root/Applications/QuotaVadis.app/Contents/Frameworks/Sparkle.framework/Versions/B/XPCServices/Installer.xpc/Contents/embedded.provisionprofile'>}
2026-09-06 16:36:33 +0000 [MT] IDEDistributionItem init <DVTFilePath:0x7aa174c7e0:'/var/folders/n_/kkfmm01934xbwb28csq8jz0m0000gn/T/XcodeDistPipeline.~~~d9zMCn/Root/Applications/QuotaVadis.app/Contents/Frameworks/Sparkle.framework/Versions/B'>
2026-09-06 16:36:33 +0000 [MT] IDEDistributionItem init <DVTFilePath:0x7aa174c780:'/var/folders/n_/kkfmm01934xbwb28csq8jz0m0000gn/T/XcodeDistPipeline.~~~d9zMCn/Root/Applications/QuotaVadis.app'>
2026-09-06 16:36:33 +0000 [MT] Processing step: IDEDistributionCreateManifestStep
2026-09-06 16:36:33 +0000 [MT] Skipping step: IDEDistributionCreateManifestStep because it said so
